11-08 20:50:33.080 16818 16818 E ViewDragHelper: Ignoring pointerId=0 because ACTION_DOWN was not received for this pointer before ACTION_MOVE. It likely happened because  ViewDragHelper did not receive all the events in the event stream.
11-08 20:50:33.080 16818 16818 E ViewDragHelper: Ignoring pointerId=0 because ACTION_DOWN was not received for this pointer before ACTION_MOVE. It likely happened because  ViewDragHelper did not receive all the events in the event stream.
11-08 20:50:33.080 16818 16818 E ViewDragHelper: Ignoring pointerId=0 because ACTION_DOWN was not received for this pointer before ACTION_MOVE. It likely happened because  ViewDragHelper did not receive all the events in the event stream.
11-08 20:50:33.088 16818 16818 E ViewDragHelper: Ignoring pointerId=0 because ACTION_DOWN was not received for this pointer before ACTION_MOVE. It likely happened because  ViewDragHelper did not receive all the events in the event stream.
11-08 20:50:33.089 16818 16818 E ViewDragHelper: Ignoring pointerId=0 because ACTION_DOWN was not received for this pointer before ACTION_MOVE. It likely happened because  ViewDragHelper did not receive all the events in the event stream.
11-08 20:50:33.089 16818 16818 E ViewDragHelper: Ignoring pointerId=0 because ACTION_DOWN was not received for this pointer before ACTION_MOVE. It likely happened because  ViewDragHelper did not receive all the events in the event stream.
11-08 20:50:33.089 16818 16818 E ViewDragHelper: Ignoring pointerId=0 because ACTION_DOWN was not received for this pointer before ACTION_MOVE. It likely happened because  ViewDragHelper did not receive all the events in the event stream.
11-08 20:50:33.097 16818 16818 E ViewDragHelper: Ignoring pointerId=0 because ACTION_DOWN was not received for this pointer before ACTION_MOVE. It likely happened because  ViewDragHelper did not receive all the events in the event stream.
11-08 20:50:33.097 16818 16818 E ViewDragHelper: Ignoring pointerId=0 because ACTION_DOWN was not received for this pointer before ACTION_MOVE. It likely happened because  ViewDragHelper did not receive all the events in the event stream.
11-08 20:50:33.097 16818 16818 E ViewDragHelper: Ignoring pointerId=0 because ACTION_DOWN was not received for this pointer before ACTION_MOVE. It likely happened because  ViewDragHelper did not receive all the events in the event stream.
11-08 20:50:33.097 16818 16818 E ViewDragHelper: Ignoring pointerId=0 because ACTION_DOWN was not received for this pointer before ACTION_MOVE. It likely happened because  ViewDragHelper did not receive all the events in the event stream.
11-08 20:50:33.105 16818 16818 E ViewDragHelper: Ignoring pointerId=0 because ACTION_DOWN was not received for this pointer before ACTION_MOVE. It likely happened because  ViewDragHelper did not receive all the events in the event stream.
11-08 20:50:33.105 16818 16818 E ViewDragHelper: Ignoring pointerId=0 because ACTION_DOWN was not received for this pointer before ACTION_MOVE. It likely happened because  ViewDragHelper did not receive all the events in the event stream.
11-08 20:50:33.106 16818 16818 E ViewDragHelper: Ignoring pointerId=0 because ACTION_DOWN was not received for this pointer before ACTION_MOVE. It likely happened because  ViewDragHelper did not receive all the events in the event stream.
11-08 20:50:33.106 16818 16818 E ViewDragHelper: Ignoring pointerId=0 because ACTION_DOWN was not received for this pointer before ACTION_MOVE. It likely happened because  ViewDragHelper did not receive all the events in the event stream.
11-08 20:50:33.114 16818 16818 E ViewDragHelper: Ignoring pointerId=0 because ACTION_DOWN was not received for this pointer before ACTION_MOVE. It likely happened because  ViewDragHelper did not receive all the events in the event stream.
11-08 20:50:33.114 16818 16818 E ViewDragHelper: Ignoring pointerId=0 because ACTION_DOWN was not received for this pointer before ACTION_MOVE. It likely happened because  ViewDragHelper did not receive all the events in the event stream.
11-08 20:50:33.114 16818 16818 E ViewDragHelper: Ignoring pointerId=0 because ACTION_DOWN was not received for this pointer before ACTION_MOVE. It likely happened because  ViewDragHelper did not receive all the events in the event stream.
11-08 20:50:33.114 16818 16818 E ViewDragHelper: Ignoring pointerId=0 because ACTION_DOWN was not received for this pointer before ACTION_MOVE. It likely happened because  ViewDragHelper did not receive all the events in the event stream.
11-08 20:50:33.122 16818 16818 E ViewDragHelper: Ignoring pointerId=0 because ACTION_DOWN was not received for this pointer before ACTION_MOVE. It likely happened because  ViewDragHelper did not receive all the events in the event stream.
11-08 20:50:33.122 16818 16818 E ViewDragHelper: Ignoring pointerId=0 because ACTION_DOWN was not received for this pointer before ACTION_MOVE. It likely happened because  ViewDragHelper did not receive all the events in the event stream.
11-08 20:50:33.122 16818 16818 E ViewDragHelper: Ignoring pointerId=0 because ACTION_DOWN was not received for this pointer before ACTION_MOVE. It likely happened because  ViewDragHelper did not receive all the events in the event stream.
11-08 20:50:33.122 16818 16818 E ViewDragHelper: Ignoring pointerId=0 because ACTION_DOWN was not received for this pointer before ACTION_MOVE. It likely happened because  ViewDragHelper did not receive all the events in the event stream.
11-08 20:50:33.131 16818 16818 E ViewDragHelper: Ignoring pointerId=0 because ACTION_DOWN was not received for this pointer before ACTION_MOVE. It likely happened because  ViewDragHelper did not receive all the events in the event stream.
11-08 20:50:33.131 16818 16818 E ViewDragHelper: Ignoring pointerId=0 because ACTION_DOWN was not received for this pointer before ACTION_MOVE. It likely happened because  ViewDragHelper did not receive all the events in the event stream.
11-08 20:50:33.131 16818 16818 E ViewDragHelper: Ignoring pointerId=0 because ACTION_DOWN was not received for this pointer before ACTION_MOVE. It likely happened because  ViewDragHelper did not receive all the events in the event stream.
11-08 20:50:33.131 16818 16818 E ViewDragHelper: Ignoring pointerId=0 because ACTION_DOWN was not received for this pointer before ACTION_MOVE. It likely happened because  ViewDragHelper did not receive all the events in the event stream.
11-08 20:50:33.139 16818 16818 E ViewDragHelper: Ignoring pointerId=0 because ACTION_DOWN was not received for this pointer before ACTION_MOVE. It likely happened because  ViewDragHelper did not receive all the events in the event stream.
11-08 20:50:33.139 16818 16818 E ViewDragHelper: Ignoring pointerId=0 because ACTION_DOWN was not received for this pointer before ACTION_MOVE. It likely happened because  ViewDragHelper did not receive all the events in the event stream.
11-08 20:50:33.139 16818 16818 E ViewDragHelper: Ignoring pointerId=0 because ACTION_DOWN was not received for this pointer before ACTION_MOVE. It likely happened because  ViewDragHelper did not receive all the events in the event stream.
11-08 20:50:33.139 16818 16818 E ViewDragHelper: Ignoring pointerId=0 because ACTION_DOWN was not received for this pointer before ACTION_MOVE. It likely happened because  ViewDragHelper did not receive all the events in the event stream.
11-08 20:50:33.147 16818 16818 E ViewDragHelper: Ignoring pointerId=0 because ACTION_DOWN was not received for this pointer before ACTION_MOVE. It likely happened because  ViewDragHelper did not receive all the events in the event stream.
11-08 20:50:33.147 16818 16818 E ViewDragHelper: Ignoring pointerId=0 because ACTION_DOWN was not received for this pointer before ACTION_MOVE. It likely happened because  ViewDragHelper did not receive all the events in the event stream.
11-08 20:50:33.147 16818 16818 E ViewDragHelper: Ignoring pointerId=0 because ACTION_DOWN was not received for this pointer before ACTION_MOVE. It likely happened because  ViewDragHelper did not receive all the events in the event stream.
11-08 20:50:33.147 16818 16818 E ViewDragHelper: Ignoring pointerId=0 because ACTION_DOWN was not received for this pointer before ACTION_MOVE. It likely happened because  ViewDragHelper did not receive all the events in the event stream.
11-08 20:50:33.156 16818 16818 E ViewDragHelper: Ignoring pointerId=0 because ACTION_DOWN was not received for this pointer before ACTION_MOVE. It likely happened because  ViewDragHelper did not receive all the events in the event stream.
11-08 20:50:33.156 16818 16818 E ViewDragHelper: Ignoring pointerId=0 because ACTION_DOWN was not received for this pointer before ACTION_MOVE. It likely happened because  ViewDragHelper did not receive all the events in the event stream.
11-08 20:50:33.156 16818 16818 E ViewDragHelper: Ignoring pointerId=0 because ACTION_DOWN was not received for this pointer before ACTION_MOVE. It likely happened because  ViewDragHelper did not receive all the events in the event stream.
11-08 20:50:33.156 16818 16818 E ViewDragHelper: Ignoring pointerId=0 because ACTION_DOWN was not received for this pointer before ACTION_MOVE. It likely happened because  ViewDragHelper did not receive all the events in the event stream.
11-08 20:50:33.164 16818 16818 E ViewDragHelper: Ignoring pointerId=0 because ACTION_DOWN was not received for this pointer before ACTION_MOVE. It likely happened because  ViewDragHelper did not receive all the events in the event stream.
11-08 20:50:33.165 16818 16818 E ViewDragHelper: Ignoring pointerId=0 because ACTION_DOWN was not received for this pointer before ACTION_MOVE. It likely happened because  ViewDragHelper did not receive all the events in the event stream.
11-08 20:50:33.165 16818 16818 E ViewDragHelper: Ignoring pointerId=0 because ACTION_DOWN was not received for this pointer before ACTION_MOVE. It likely happened because  ViewDragHelper did not receive all the events in the event stream.
11-08 20:50:33.165 16818 16818 E ViewDragHelper: Ignoring pointerId=0 because ACTION_DOWN was not received for this pointer before ACTION_MOVE. It likely happened because  ViewDragHelper did not receive all the events in the event stream.
11-08 20:50:33.172 16818 16818 E ViewDragHelper: Ignoring pointerId=0 because ACTION_DOWN was not received for this pointer before ACTION_MOVE. It likely happened because  ViewDragHelper did not receive all the events in the event stream.
11-08 20:50:33.173 16818 16818 E ViewDragHelper: Ignoring pointerId=0 because ACTION_DOWN was not received for this pointer before ACTION_MOVE. It likely happened because  ViewDragHelper did not receive all the events in the event stream.
11-08 20:50:33.173 16818 16818 E ViewDragHelper: Ignoring pointerId=0 because ACTION_DOWN was not received for this pointer before ACTION_MOVE. It likely happened because  ViewDragHelper did not receive all the events in the event stream.
11-08 20:50:33.173 16818 16818 E ViewDragHelper: Ignoring pointerId=0 because ACTION_DOWN was not received for this pointer before ACTION_MOVE. It likely happened because  ViewDragHelper did not receive all the events in the event stream.
11-08 20:50:33.181 16818 16818 E ViewDragHelper: Ignoring pointerId=0 because ACTION_DOWN was not received for this pointer before ACTION_MOVE. It likely happened because  ViewDragHelper did not receive all the events in the event stream.
11-08 20:50:33.181 16818 16818 E ViewDragHelper: Ignoring pointerId=0 because ACTION_DOWN was not received for this pointer before ACTION_MOVE. It likely happened because  ViewDragHelper did not receive all the events in the event stream.
11-08 20:50:33.181 16818 16818 E ViewDragHelper: Ignoring pointerId=0 because ACTION_DOWN was not received for this pointer before ACTION_MOVE. It likely happened because  ViewDragHelper did not receive all the events in the event stream.
11-08 20:50:33.181 16818 16818 E ViewDragHelper: Ignoring pointerId=0 because ACTION_DOWN was not received for this pointer before ACTION_MOVE. It likely happened because  ViewDragHelper did not receive all the events in the event stream.
11-08 20:50:33.189 16818 16818 E ViewDragHelper: Ignoring pointerId=0 because ACTION_DOWN was not received for this pointer before ACTION_MOVE. It likely happened because  ViewDragHelper did not receive all the events in the event stream.
11-08 20:50:33.189 16818 16818 E ViewDragHelper: Ignoring pointerId=0 because ACTION_DOWN was not received for this pointer before ACTION_MOVE. It likely happened because  ViewDragHelper did not receive all the events in the event stream.
11-08 20:50:33.189 16818 16818 E ViewDragHelper: Ignoring pointerId=0 because ACTION_DOWN was not received for this pointer before ACTION_MOVE. It likely happened because  ViewDragHelper did not receive all the events in the event stream.
11-08 20:50:33.189 16818 16818 E ViewDragHelper: Ignoring pointerId=0 because ACTION_DOWN was not received for this pointer before ACTION_MOVE. It likely happened because  ViewDragHelper did not receive all the events in the event stream.
11-08 20:50:33.198 16818 16818 E ViewDragHelper: Ignoring pointerId=0 because ACTION_DOWN was not received for this pointer before ACTION_MOVE. It likely happened because  ViewDragHelper did not receive all the events in the event stream.
11-08 20:50:33.198 16818 16818 E ViewDragHelper: Ignoring pointerId=0 because ACTION_DOWN was not received for this pointer before ACTION_MOVE. It likely happened because  ViewDragHelper did not receive all the events in the event stream.
11-08 20:50:33.198 16818 16818 E ViewDragHelper: Ignoring pointerId=0 because ACTION_DOWN was not received for this pointer before ACTION_MOVE. It likely happened because  ViewDragHelper did not receive all the events in the event stream.
11-08 20:50:33.198 16818 16818 E ViewDragHelper: Ignoring pointerId=0 because ACTION_DOWN was not received for this pointer before ACTION_MOVE. It likely happened because  ViewDragHelper did not receive all the events in the event stream.
11-08 20:50:33.207 16818 16818 E ViewDragHelper: Ignoring pointerId=0 because ACTION_DOWN was not received for this pointer before ACTION_MOVE. It likely happened because  ViewDragHelper did not receive all the events in the event stream.
11-08 20:50:33.207 16818 16818 E ViewDragHelper: Ignoring pointerId=0 because ACTION_DOWN was not received for this pointer before ACTION_MOVE. It likely happened because  ViewDragHelper did not receive all the events in the event stream.
11-08 20:50:33.207 16818 16818 E ViewDragHelper: Ignoring pointerId=0 because ACTION_DOWN was not received for this pointer before ACTION_MOVE. It likely happened because  ViewDragHelper did not receive all the events in the event stream.
11-08 20:50:33.207 16818 16818 E ViewDragHelper: Ignoring pointerId=0 because ACTION_DOWN was not received for this pointer before ACTION_MOVE. It likely happened because  ViewDragHelper did not receive all the events in the event stream.
11-08 20:50:33.215 16818 16818 E ViewDragHelper: Ignoring pointerId=0 because ACTION_DOWN was not received for this pointer before ACTION_MOVE. It likely happened because  ViewDragHelper did not receive all the events in the event stream.
11-08 20:50:33.215 16818 16818 E ViewDragHelper: Ignoring pointerId=0 because ACTION_DOWN was not received for this pointer before ACTION_MOVE. It likely happened because  ViewDragHelper did not receive all the events in the event stream.
11-08 20:50:33.215 16818 16818 E ViewDragHelper: Ignoring pointerId=0 because ACTION_DOWN was not received for this pointer before ACTION_MOVE. It likely happened because  ViewDragHelper did not receive all the events in the event stream.
11-08 20:50:33.215 16818 16818 E ViewDragHelper: Ignoring pointerId=0 because ACTION_DOWN was not received for this pointer before ACTION_MOVE. It likely happened because  ViewDragHelper did not receive all the events in the event stream.
11-08 20:50:33.218 16818 16818 E ViewDragHelper: Ignoring pointerId=0 because ACTION_DOWN was not received for this pointer before ACTION_MOVE. It likely happened because  ViewDragHelper did not receive all the events in the event stream.
11-08 20:50:33.218 16818 16818 E ViewDragHelper: Ignoring pointerId=0 because ACTION_DOWN was not received for this pointer before ACTION_MOVE. It likely happened because  ViewDragHelper did not receive all the events in the event stream.
11-08 20:50:33.218 16818 16818 E ViewDragHelper: Ignoring pointerId=0 because ACTION_DOWN was not received for this pointer before ACTION_MOVE. It likely happened because  ViewDragHelper did not receive all the events in the event stream.
11-08 20:50:33.218 16818 16818 E ViewDragHelper: Ignoring pointerId=0 because ACTION_DOWN was not received for this pointer before ACTION_MOVE. It likely happened because  ViewDragHelper did not receive all the events in the event stream.
11-08 20:50:33.218 16818 16818 I VRI[TermuxActivity]@32a4eea: ViewPostIme pointer 1
11-08 20:50:33.523 16818 16818 I WindowManager: WindowManagerGlobal#addView, ty=1005, view=android.widget.PopupWindow$PopupDecorView{4e3e2e V.E...... R.....I. 0,0-0,0}, caller=android.view.WindowManagerImpl.addView:158 android.widget.PopupWindow.invokePopup:1692 android.widget.PopupWindow.showAtLocation:1418 
11-08 20:50:33.524 16818 16818 D ViewRootImpl: desktopMode is false
11-08 20:50:33.524 16818 16818 I ViewRootImpl: dVRR is disabled
11-08 20:50:33.525 16818 16850 D NativeCustomFrequencyManager: [NativeCFMS] BpCustomFrequencyManager::BpCustomFrequencyManager()
11-08 20:50:33.535 16818 16818 D InputTransport: Input channel constructed: '440cd06', fd=182
11-08 20:50:33.536 16818 16818 I InsetsController: onStateChanged: host=PopupWindow:63d42a, from=android.view.ViewRootImpl.onInsetsStateChanged:3026, state=InsetsState: {mDisplayFrame=Rect(0, 0 - 1440, 3120), mDisplayCutout=DisplayCutout{insets=Rect(0, 112 - 0, 0) waterfall=Insets{left=0, top=0, right=0, bottom=0} boundingRect={Bounds=[Rect(0, 0 - 0, 0), Rect(686, 0 - 754, 112), Rect(0, 0 - 0, 0), Rect(0, 0 - 0, 0)]} cutoutPathParserInfo={CutoutPathParserInfo{displayWidth=1440 displayHeight=3120 physicalDisplayWidth=1440 physicalDisplayHeight=3120 density={3.75} cutoutSpec={M 0,0 H -9.066666666666667 V 29.86666666666667 H 9.066666666666667 V 0 H 0 Z @dp} rotation={0} scale={1.0} physicalPixelDisplaySizeRatio={1.0}}} sideOverrides={}}, mRoundedCorners=RoundedCorners{[RoundedCorner{position=TopLeft, radius=126, center=Point(126, 126)}, RoundedCorner{position=TopRight, radius=126, center=Point(1314, 126)}, RoundedCorner{position=BottomRight, radius=126, center=Point(1314, 2994)}, RoundedCorner{position=BottomLeft, radius=126, center=Point(126, 2994)}]}  mRoundedCornerFrame=Rect(0, 0 - 1440, 3120), mPrivacyIndicatorBounds=PrivacyIndicatorBounds {static bounds=Rect(1286, 0 - 1440, 113) rotation=0}, mDisplayShape=DisplayShape{ spec=-311912193 displayWidth=1440 displayHeight=3120 physicalPixelDisplaySizeRatio=1.0 rotation=0 offsetX=0 offsetY=0 scale=1.0}, mSources= { InsetsSource: {27 mType=displayCutout mFrame=[0,0][1440,112] mVisible=true mFlags= mSideHint=TOP mBoundingRects=null}, InsetsSource: {e640000 mType=statusBars mFrame=[0,0][1440,113] mVisible=true mFlags= mSideHint=TOP mBoundingRects=null}, InsetsSource: {e640005 mType=mandatorySystemGestures mFrame=[0,0][1440,154] mVisible=true mFlags= mSideHint=TOP mBoundingRects=null}, InsetsSource: {e640006 mType=tappableElement mFrame=[0,0][1440,113] mVisible=true mFlags= mSideHint=TOP mBoundingRects=null}, InsetsSource: {69030001 mType=navigationBars mFrame=[0,2952][1440,3120] mVisible=true mFlags=SUPPRESS_SCRIM mSideHint=BOTTOM mBoundingRects=null}, InsetsSource: {69030004 mType=systemGestures mFrame=[0,0][105,3120] mVisible=true mFlags= mSideHint=LEFT mBoundingRects=null}, InsetsSource: {69030005 mType=mandatorySystemGestures mFrame=[0,3008][1440,3120] mVisible=true mFlags= mSideHint=BOTTOM mBoundingRects=null}, InsetsSource: {69030006 mType=tappableElement mFrame=[0,0][0,0] mVisible=true mFlags= mSideHint=NONE mBoundingRects=null}, InsetsSource: {69030024 mType=systemGestures mFrame=[1335,0][1440,3120] mVisible=true mFlags= mSideHint=RIGHT mBoundingRects=null} }
11-08 20:50:33.536 16818 16818 I VRI[PopupWindow:63d42a]@dd6adcf: synced displayState. AttachInfo displayState=2
11-08 20:50:33.540 16818 16818 I VRI[PopupWindow:63d42a]@dd6adcf: setView = android.widget.PopupWindow$PopupDecorView@4e3e2e IsHRR=false mFlingFrameRateChange=0 TM=true
11-08 20:50:33.540 16818 16850 D HWUI    : HWUI - treat SMPTE_170M as sRGB
11-08 20:50:33.550 16818 16818 I BLASTBufferQueue_Java: new BLASTBufferQueue, mName= VRI[PopupWindow:63d42a]@dd6adcf mNativeObject= 0x7c4dc147c0 caller= android.view.ViewRootImpl.updateBlastSurfaceIfNeeded:3585 android.view.ViewRootImpl.relayoutWindow:11685 android.view.ViewRootImpl.performTraversals:4804 android.view.ViewRootImpl.doTraversal:3924 android.view.ViewRootImpl$TraversalRunnable.run:12903 android.view.Choreographer$CallbackRecord.run:1901 android.view.Choreographer$CallbackRecord.run:1910 android.view.Choreographer.doCallbacks:1367 android.view.Choreographer.doFrame:1292 android.view.Choreographer$FrameDisplayEventReceiver.run:1870 
11-08 20:50:33.550 16818 16818 I BLASTBufferQueue_Java: update, w= 816 h= 224 mName = VRI[PopupWindow:63d42a]@dd6adcf mNativeObject= 0x7c4dc147c0 sc.mNativeObject= 0x7bdd99fad0 format= -2 caller= android.view.ViewRootImpl.updateBlastSurfaceIfNeeded:3590 android.view.ViewRootImpl.relayoutWindow:11685 android.view.ViewRootImpl.performTraversals:4804 android.view.ViewRootImpl.doTraversal:3924 android.view.ViewRootImpl$TraversalRunnable.run:12903 android.view.Choreographer$CallbackRecord.run:1901 
11-08 20:50:33.553 16818 16818 I VRI[PopupWindow:63d42a]@dd6adcf: Relayout returned: old=(0,1360,816,1584) new=(0,1360,816,1584) relayoutAsync=false req=(816,224)0 dur=7 res=0x3 s={true 0x7bfda5d970} ch=true seqId=0
11-08 20:50:33.554 16818 16818 I VRI[PopupWindow:63d42a]@dd6adcf: performConfigurationChange setNightDimText nightDimLevel=0
11-08 20:50:33.555 16818 16818 D VRI[PopupWindow:63d42a]@dd6adcf: mThreadedRenderer.initialize() mSurface={isValid=true 0x7bfda5d970} hwInitialized=true
11-08 20:50:33.558 16818 16818 D VRI[PopupWindow:63d42a]@dd6adcf: reportNextDraw android.view.ViewRootImpl.performTraversals:5443 android.view.ViewRootImpl.doTraversal:3924 android.view.ViewRootImpl$TraversalRunnable.run:12903 android.view.Choreographer$CallbackRecord.run:1901 android.view.Choreographer$CallbackRecord.run:1910 
11-08 20:50:33.558 16818 16818 D VRI[PopupWindow:63d42a]@dd6adcf: Setup new sync=wmsSync-VRI[PopupWindow:63d42a]@dd6adcf#42
11-08 20:50:33.558 16818 16818 I VRI[PopupWindow:63d42a]@dd6adcf: Creating new active sync group VRI[PopupWindow:63d42a]@dd6adcf#43
11-08 20:50:33.559 16818 16818 D VRI[PopupWindow:63d42a]@dd6adcf: registerCallbacksForSync syncBuffer=false
11-08 20:50:33.560 16818 16878 D VRI[PopupWindow:63d42a]@dd6adcf: Received frameDrawingCallback syncResult=0 frameNum=1.
11-08 20:50:33.560 16818 16878 I VRI[PopupWindow:63d42a]@dd6adcf: mWNT: t=0x7cada11c90 mBlastBufferQueue=0x7c4dc147c0 fn= 1 HdrRenderState mRenderHdrSdrRatio=1.0 caller= android.view.ViewRootImpl$12.onFrameDraw:15441 android.view.ThreadedRenderer$1.onFrameDraw:718 <bottom of call stack> 
11-08 20:50:33.560 16818 16878 I VRI[PopupWindow:63d42a]@dd6adcf: Setting up sync and frameCommitCallback
11-08 20:50:33.562 16818 16850 I BLASTBufferQueue: [VRI[PopupWindow:63d42a]@dd6adcf#49](f:0,a:0,s:0) onFrameAvailable the first frame is available
11-08 20:50:33.562 16818 16850 I VRI[PopupWindow:63d42a]@dd6adcf: Received frameCommittedCallback lastAttemptedDrawFrameNum=1 didProduceBuffer=true
11-08 20:50:33.564 16818 16850 D HWUI    : CFMS:: SetUp Pid : 16818    Tid : 16850
11-08 20:50:33.565 16818 16818 D VRI[PopupWindow:63d42a]@dd6adcf: reportDrawFinished seqId=0
11-08 20:50:33.565 16818 16818 I VRI[PopupWindow:63d42a]@dd6adcf: handleResized, frames=ClientWindowFrames{frame=[0,1360][816,1584] display=[-100000,-100000][100000,100000] parentFrame=[0,0][0,0] attachedFrame=[0,0][1440,3120]} displayId=0 dragResizing=false compatScale=1.0 frameChanged=false attachedFrameChanged=false configChanged=false displayChanged=false compatScaleChanged=false dragResizingChanged=false
11-08 20:50:33.566 16818 16818 I VRI[PopupWindow:63d42a]@dd6adcf: handleResized mSyncSeqId = 0
11-08 20:50:33.566 16818 16818 D VRI[PopupWindow:63d42a]@dd6adcf: reportNextDraw android.view.ViewRootImpl.handleResized:2983 android.view.ViewRootImpl.-$$Nest$mhandleResized:0 android.view.ViewRootImpl$W.resized:14082 android.app.servertransaction.WindowStateResizeItem.execute:93 android.app.servertransaction.WindowStateTransactionItem.execute:62 
11-08 20:50:33.566 16818 16818 D VRI[PopupWindow:63d42a]@dd6adcf: Setup new sync=wmsSync-VRI[PopupWindow:63d42a]@dd6adcf#44
11-08 20:50:33.566 16818 16818 I VRI[PopupWindow:63d42a]@dd6adcf: Creating new active sync group VRI[PopupWindow:63d42a]@dd6adcf#45
11-08 20:50:33.567 16818 16818 D VRI[PopupWindow:63d42a]@dd6adcf: registerCallbacksForSync syncBuffer=false
11-08 20:50:33.567 16818 16877 D VRI[PopupWindow:63d42a]@dd6adcf: Received frameDrawingCallback syncResult=0 frameNum=2.
11-08 20:50:33.567 16818 16877 I VRI[PopupWindow:63d42a]@dd6adcf: Setting up sync and frameCommitCallback
11-08 20:50:33.571 16818 16850 I VRI[PopupWindow:63d42a]@dd6adcf: Received frameCommittedCallback lastAttemptedDrawFrameNum=2 didProduceBuffer=true
11-08 20:50:33.572 16818 16818 D VRI[PopupWindow:63d42a]@dd6adcf: reportDrawFinished seqId=0
11-08 20:50:34.320 16818 16818 I VRI[PopupWindow:63d42a]@dd6adcf: ViewPostIme pointer 0
11-08 20:50:34.321 16818 16818 I VRI[PopupWindow:63d42a]@dd6adcf: call setFrameRateCategory for touch hint category=high hint, reason=touch, vri=VRI[PopupWindow:63d42a]@dd6adcf
11-08 20:50:34.377 16818 16818 I VRI[PopupWindow:63d42a]@dd6adcf: ViewPostIme pointer 1
11-08 20:50:34.378 16818 16818 I WindowManager: WindowManagerGlobal#removeView, ty=1002, view=android.widget.PopupWindow$PopupDecorView{c3b2c35 V.E...... R....... 0,0-168,84}, caller=android.view.WindowManagerGlobal.removeView:654 android.view.WindowManagerImpl.removeViewImmediate:216 android.widget.PopupWindow.dismissImmediate:2415 
11-08 20:50:34.379 16818 16818 W WindowOnBackDispatcher: sendCancelIfRunning: isInProgress=false callback=android.view.ViewRootImpl$$ExternalSyntheticLambda16@91c25cd
11-08 20:50:34.383 16818 16818 I VRI[PopupWindow:9b1be6c]@2a828ca: dispatchDetachedFromWindow
11-08 20:50:34.387 16818 16818 D InputTransport: Input channel destroyed: '5242682', fd=147
11-08 20:50:34.387 16818 16818 I WindowManager: WindowManagerGlobal#removeView, ty=1002, view=android.widget.PopupWindow$PopupDecorView{880796 V.E...... R....... 0,0-168,84}, caller=android.view.WindowManagerGlobal.removeView:654 android.view.WindowManagerImpl.removeViewImmediate:216 android.widget.PopupWindow.dismissImmediate:2415 
11-08 20:50:34.387 16818 16818 W WindowOnBackDispatcher: sendCancelIfRunning: isInProgress=false callback=android.view.ViewRootImpl$$ExternalSyntheticLambda16@2848bef
11-08 20:50:34.391 16818 16818 I VRI[PopupWindow:7f56b1]@3f1f17: dispatchDetachedFromWindow
11-08 20:50:34.394 16818 16818 D InputTransport: Input channel destroyed: '966400b', fd=148
11-08 20:50:34.649 16818 16818 I WindowManager: WindowManagerGlobal#removeView, ty=1005, view=android.widget.PopupWindow$PopupDecorView{4e3e2e V.E...... R......D 0,0-816,224}, caller=android.view.WindowManagerGlobal.removeView:654 android.view.WindowManagerImpl.removeViewImmediate:216 android.widget.PopupWindow.dismissImmediate:2415 
11-08 20:50:34.649 16818 16818 W WindowOnBackDispatcher: sendCancelIfRunning: isInProgress=false callback=android.view.ViewRootImpl$$ExternalSyntheticLambda16@5840f3a
11-08 20:50:34.652 16818 16850 D HWUI    : endAllActiveAnimators on 0x7bfd9ebba0 (RippleDrawable) with handle 0x7afda07360
11-08 20:50:34.653 16818 16818 I VRI[PopupWindow:63d42a]@dd6adcf: dispatchDetachedFromWindow
11-08 20:50:34.659 16818 16818 D InputTransport: Input channel destroyed: '440cd06', fd=182
11-08 20:50:35.700 16818 16818 I VRI[TermuxActivity]@32a4eea: ViewPostIme pointer 0
11-08 20:50:35.811 16818 16818 I VRI[TermuxActivity]@32a4eea: ViewPostIme pointer 1
11-08 20:50:36.564 16818 16818 I VRI[TermuxActivity]@32a4eea: ViewPostIme pointer 0
11-08 20:50:38.172 16818 16818 I VRI[TermuxActivity]@32a4eea: ViewPostIme pointer 1
11-08 20:50:38.636 16818 16818 I VRI[TermuxActivity]@32a4eea: ViewPostIme pointer 0
11-08 20:50:38.748 16818 16818 I VRI[TermuxActivity]@32a4eea: ViewPostIme pointer 1
11-08 20:50:38.869 16818 16818 I VRI[TermuxActivity]@32a4eea: ViewPostIme pointer 0
11-08 20:50:38.956 16818 16818 I VRI[TermuxActivity]@32a4eea: ViewPostIme pointer 1
11-08 20:50:39.284 16818 16818 I VRI[TermuxActivity]@32a4eea: ViewPostIme pointer 0
11-08 20:50:39.382 16818 16818 I VRI[TermuxActivity]@32a4eea: ViewPostIme pointer 1
11-08 20:50:39.786 16818 16818 I VRI[TermuxActivity]@32a4eea: ViewPostIme key 0
11-08 20:50:40.261 16818 16818 I VRI[TermuxActivity]@32a4eea: ViewPostIme key 0
11-08 20:50:42.385 16818 16818 I VRI[TermuxActivity]@32a4eea: call setFrameRateCategory for touch hint category=no preference, reason=boost timeout, vri=VRI[TermuxActivity]@32a4eea
11-08 20:50:42.474 16818 16818 I VRI[TermuxActivity]@32a4eea: ViewPostIme pointer 0
11-08 20:50:42.476 16818 16818 I VRI[TermuxActivity]@32a4eea: call setFrameRateCategory for touch hint category=high hint, reason=touch, vri=VRI[TermuxActivity]@32a4eea
11-08 20:50:43.877 16818 16818 I VRI[TermuxActivity]@32a4eea: ViewPostIme pointer 1
11-08 20:50:44.541 16818 16818 I VRI[TermuxActivity]@32a4eea: ViewPostIme key 0
11-08 20:50:44.715 16818 16818 I VRI[TermuxActivity]@32a4eea: ViewPostIme key 0
11-08 20:50:44.858 16818 16818 I VRI[TermuxActivity]@32a4eea: ViewPostIme key 0
11-08 20:50:45.040 16818 16818 I VRI[TermuxActivity]@32a4eea: ViewPostIme key 0
11-08 20:50:46.093 16818 16818 I VRI[TermuxActivity]@32a4eea: ViewPostIme key 0
11-08 20:50:46.879 16818 16818 I VRI[TermuxActivity]@32a4eea: call setFrameRateCategory for touch hint category=no preference, reason=boost timeout, vri=VRI[TermuxActivity]@32a4eea
11-08 20:50:47.017 16818 16818 I VRI[TermuxActivity]@32a4eea: ViewPostIme key 0
11-08 20:50:47.017 16818 16818 I VRI[TermuxActivity]@32a4eea: ViewPostIme key 1
11-08 20:50:52.159 16818 16818 I VRI[TermuxActivity]@32a4eea: ViewPostIme pointer 0
11-08 20:50:52.161 16818 16818 I VRI[TermuxActivity]@32a4eea: call setFrameRateCategory for touch hint category=high hint, reason=touch, vri=VRI[TermuxActivity]@32a4eea
11-08 20:50:52.254 16818 16818 I VRI[TermuxActivity]@32a4eea: ViewPostIme pointer 1
11-08 20:50:52.622 16818 16818 I VRI[TermuxActivity]@32a4eea: ViewPostIme key 0
11-08 20:50:52.623 16818 16818 I VRI[TermuxActivity]@32a4eea: ViewPostIme key 1
11-08 20:50:55.258 16818 16818 I VRI[TermuxActivity]@32a4eea: call setFrameRateCategory for touch hint category=no preference, reason=boost timeout, vri=VRI[TermuxActivity]@32a4eea
11-08 20:50:57.491 16818 16818 I VRI[TermuxActivity]@32a4eea: ViewPostIme pointer 0
11-08 20:50:57.492 16818 16818 I GestureDetector: obtain mCurrentDownEvent. id: 4568961 caller: com.termux.view.GestureAndScaleRecognizer.onTouchEvent:92 com.termux.view.TerminalView.onTouchEvent:572 android.view.View.performOnTouchCallback:17234 
11-08 20:50:57.492 16818 16818 I VRI[TermuxActivity]@32a4eea: call setFrameRateCategory for touch hint category=high hint, reason=touch, vri=VRI[TermuxActivity]@32a4eea
11-08 20:50:57.496 16818 16818 I GestureDetector: obtain mCurrentMotionEventRaw. action: 2 id: 273330485
11-08 20:50:57.888 16818 16818 I VRI[TermuxActivity]@32a4eea: ViewPostIme pointer 1
11-08 20:50:58.272 16818 16818 I VRI[TermuxActivity]@32a4eea: ViewPostIme pointer 0
11-08 20:50:58.272 16818 16818 I GestureDetector: obtain mCurrentDownEvent. id: 553538338 caller: com.termux.view.GestureAndScaleRecognizer.onTouchEvent:92 com.termux.view.TerminalView.onTouchEvent:572 android.view.View.performOnTouchCallback:17234 
11-08 20:50:58.282 16818 16818 I GestureDetector: obtain mCurrentMotionEventRaw. action: 2 id: 753159006
11-08 20:50:59.687 16818 16818 I VRI[TermuxActivity]@32a4eea: ViewPostIme pointer 1
11-08 20:51:02.292 16818 16818 I VRI[TermuxActivity]@32a4eea: ViewPostIme pointer 0
11-08 20:51:02.292 16818 16818 I GestureDetector: obtain mCurrentDownEvent. id: 332661673 caller: com.termux.view.GestureAndScaleRecognizer.onTouchEvent:92 com.termux.view.TerminalView.onTouchEvent:572 android.view.View.performOnTouchCallback:17234 
11-08 20:51:02.310 16818 16818 I GestureDetector: obtain mCurrentMotionEventRaw. action: 2 id: 15940407
11-08 20:51:02.481 16818 16818 I VRI[TermuxActivity]@32a4eea: ViewPostIme pointer 1
11-08 20:51:02.740 16818 16818 I VRI[TermuxActivity]@32a4eea: ViewPostIme pointer 0
11-08 20:51:02.740 16818 16818 I GestureDetector: obtain mCurrentDownEvent. id: 811199919 caller: com.termux.view.GestureAndScaleRecognizer.onTouchEvent:92 com.termux.view.TerminalView.onTouchEvent:572 android.view.View.performOnTouchCallback:17234 
11-08 20:51:02.753 16818 16818 I GestureDetector: obtain mCurrentMotionEventRaw. action: 2 id: 674136616
11-08 20:51:03.640 16818 16818 I VRI[TermuxActivity]@32a4eea: ViewPostIme pointer 1
11-08 20:51:03.949 16818 16818 I VRI[TermuxActivity]@32a4eea: ViewPostIme pointer 0
11-08 20:51:03.949 16818 16818 I GestureDetector: obtain mCurrentDownEvent. id: 955376215 caller: com.termux.view.GestureAndScaleRecognizer.onTouchEvent:92 com.termux.view.TerminalView.onTouchEvent:572 android.view.View.performOnTouchCallback:17234 
11-08 20:51:03.962 16818 16818 I GestureDetector: obtain mCurrentMotionEventRaw. action: 2 id: 759127759
11-08 20:51:05.026 16818 16818 I VRI[TermuxActivity]@32a4eea: ViewPostIme pointer 1
11-08 20:51:05.209 16818 16818 I VRI[TermuxActivity]@32a4eea: ViewPostIme pointer 0
11-08 20:51:05.209 16818 16818 I GestureDetector: obtain mCurrentDownEvent. id: 35455336 caller: com.termux.view.GestureAndScaleRecognizer.onTouchEvent:92 com.termux.view.TerminalView.onTouchEvent:572 android.view.View.performOnTouchCallback:17234 
11-08 20:51:05.221 16818 16818 I GestureDetector: obtain mCurrentMotionEventRaw. action: 2 id: 75045635
11-08 20:51:08.026 16818 16818 I VRI[TermuxActivity]@32a4eea: call setFrameRateCategory for touch hint category=no preference, reason=boost timeout, vri=VRI[TermuxActivity]@32a4eea
11-08 20:51:08.033 16818 16818 I VRI[TermuxActivity]@32a4eea: call setFrameRateCategory for touch hint category=high hint, reason=touch, vri=VRI[TermuxActivity]@32a4eea
11-08 20:51:10.041 16818 16818 I VRI[TermuxActivity]@32a4eea: ViewPostIme pointer 1
11-08 20:51:10.310 16818 16818 I VRI[TermuxActivity]@32a4eea: ViewPostIme pointer 0
11-08 20:51:10.311 16818 16818 I GestureDetector: obtain mCurrentDownEvent. id: 393657057 caller: com.termux.view.GestureAndScaleRecognizer.onTouchEvent:92 com.termux.view.TerminalView.onTouchEvent:572 android.view.View.performOnTouchCallback:17234 
11-08 20:51:10.327 16818 16818 I GestureDetector: obtain mCurrentMotionEventRaw. action: 2 id: 292770644
11-08 20:51:12.995 16818 16818 I VRI[TermuxActivity]@32a4eea: ViewPostIme pointer 1
11-08 20:51:13.427 16818 16818 I VRI[TermuxActivity]@32a4eea: ViewPostIme pointer 0
11-08 20:51:13.428 16818 16818 I GestureDetector: obtain mCurrentDownEvent. id: 304048919 caller: com.termux.view.GestureAndScaleRecognizer.onTouchEvent:92 com.termux.view.TerminalView.onTouchEvent:572 android.view.View.performOnTouchCallback:17234 
11-08 20:51:13.438 16818 16818 I GestureDetector: obtain mCurrentMotionEventRaw. action: 2 id: 62124925
11-08 20:51:13.628 16818 16818 I VRI[TermuxActivity]@32a4eea: ViewPostIme pointer 1
11-08 20:51:14.012 16818 16818 I VRI[TermuxActivity]@32a4eea: ViewPostIme pointer 0
11-08 20:51:14.013 16818 16818 I GestureDetector: obtain mCurrentDownEvent. id: 652033961 caller: com.termux.view.GestureAndScaleRecognizer.onTouchEvent:92 com.termux.view.TerminalView.onTouchEvent:572 android.view.View.performOnTouchCallback:17234 
11-08 20:51:14.022 16818 16818 I GestureDetector: obtain mCurrentMotionEventRaw. action: 2 id: 110992779
11-08 20:51:14.390 16818 16818 I VRI[TermuxActivity]@32a4eea: ViewPostIme pointer 1
11-08 20:51:17.394 16818 16818 I VRI[TermuxActivity]@32a4eea: call setFrameRateCategory for touch hint category=no preference, reason=boost timeout, vri=VRI[TermuxActivity]@32a4eea
11-08 20:51:20.311 16818 16818 I VRI[TermuxActivity]@32a4eea: ViewPostIme pointer 0
11-08 20:51:20.312 16818 16818 I GestureDetector: obtain mCurrentDownEvent. id: 493321838 caller: com.termux.view.GestureAndScaleRecognizer.onTouchEvent:92 com.termux.view.TerminalView.onTouchEvent:572 android.view.View.performOnTouchCallback:17234 
11-08 20:51:20.312 16818 16818 I VRI[TermuxActivity]@32a4eea: call setFrameRateCategory for touch hint category=high hint, reason=touch, vri=VRI[TermuxActivity]@32a4eea
11-08 20:51:20.314 16818 16818 I GestureDetector: obtain mCurrentMotionEventRaw. action: 2 id: 390814158
11-08 20:51:20.500 16818 16818 I VRI[TermuxActivity]@32a4eea: ViewPostIme pointer 1
11-08 20:51:20.692 16818 16818 I VRI[TermuxActivity]@32a4eea: ViewPostIme pointer 0
11-08 20:51:20.693 16818 16818 I GestureDetector: obtain mCurrentDownEvent. id: 955195804 caller: com.termux.view.GestureAndScaleRecognizer.onTouchEvent:92 com.termux.view.TerminalView.onTouchEvent:572 android.view.View.performOnTouchCallback:17234 
11-08 20:51:20.704 16818 16818 I GestureDetector: obtain mCurrentMotionEventRaw. action: 2 id: 873598368
11-08 20:51:21.064 16818 16818 I VRI[TermuxActivity]@32a4eea: ViewPostIme pointer 1
11-08 20:51:21.267 16818 16818 I VRI[TermuxActivity]@32a4eea: ViewPostIme pointer 0
11-08 20:51:21.268 16818 16818 I GestureDetector: obtain mCurrentDownEvent. id: 106395917 caller: com.termux.view.GestureAndScaleRecognizer.onTouchEvent:92 com.termux.view.TerminalView.onTouchEvent:572 android.view.View.performOnTouchCallback:17234 
11-08 20:51:21.280 16818 16818 I GestureDetector: obtain mCurrentMotionEventRaw. action: 2 id: 357436224
11-08 20:51:22.563 16818 16818 I VRI[TermuxActivity]@32a4eea: ViewPostIme pointer 1
11-08 20:51:23.326 16818 16818 I VRI[TermuxActivity]@32a4eea: ViewPostIme pointer 0
11-08 20:51:23.327 16818 16818 I GestureDetector: obtain mCurrentDownEvent. id: 920498082 caller: com.termux.view.GestureAndScaleRecognizer.onTouchEvent:92 com.termux.view.TerminalView.onTouchEvent:572 android.view.View.performOnTouchCallback:17234 
11-08 20:51:23.340 16818 16818 I GestureDetector: obtain mCurrentMotionEventRaw. action: 2 id: 701187545
11-08 20:51:23.423 16818 16818 I VRI[TermuxActivity]@32a4eea: ViewPostIme pointer 1
11-08 20:51:23.730 16818 16818 I VRI[TermuxActivity]@32a4eea: ViewPostIme pointer 0
11-08 20:51:23.730 16818 16818 I GestureDetector: obtain mCurrentDownEvent. id: 188878324 caller: com.termux.view.GestureAndScaleRecognizer.onTouchEvent:92 com.termux.view.TerminalView.onTouchEvent:572 android.view.View.performOnTouchCallback:17234 
11-08 20:51:23.741 16818 16818 I GestureDetector: obtain mCurrentMotionEventRaw. action: 2 id: 738581096
11-08 20:51:23.820 16818 16818 I VRI[TermuxActivity]@32a4eea: ViewPostIme pointer 1
11-08 20:51:24.155 16818 16818 I VRI[TermuxActivity]@32a4eea: ViewPostIme pointer 0
11-08 20:51:24.155 16818 16818 I GestureDetector: obtain mCurrentDownEvent. id: 213234567 caller: com.termux.view.GestureAndScaleRecognizer.onTouchEvent:92 com.termux.view.TerminalView.onTouchEvent:572 android.view.View.performOnTouchCallback:17234 
11-08 20:51:24.166 16818 16818 I GestureDetector: obtain mCurrentMotionEventRaw. action: 2 id: 855183018
11-08 20:51:24.237 16818 16818 I VRI[TermuxActivity]@32a4eea: ViewPostIme pointer 1
11-08 20:51:26.360 16818 16818 I VRI[TermuxActivity]@32a4eea: ViewPostIme pointer 0
11-08 20:51:26.448 16818 16818 I VRI[TermuxActivity]@32a4eea: ViewPostIme pointer 1
11-08 20:51:27.101 16818 16818 I VRI[TermuxActivity]@32a4eea: ViewPostIme key 0
11-08 20:51:27.102 16818 16818 I VRI[TermuxActivity]@32a4eea: ViewPostIme key 1
11-08 20:51:27.455 16818 16818 I VRI[TermuxActivity]@32a4eea: ViewPostIme pointer 0
11-08 20:51:27.566 16818 16818 I VRI[TermuxActivity]@32a4eea: ViewPostIme pointer 1
11-08 20:51:28.062 16818 16818 I VRI[TermuxActivity]@32a4eea: ViewPostIme pointer 0
11-08 20:51:28.165 16818 16818 I VRI[TermuxActivity]@32a4eea: ViewPostIme pointer 1
11-08 20:51:28.770 16818 16818 I VRI[TermuxActivity]@32a4eea: ViewPostIme pointer 0
11-08 20:51:28.876 16818 16818 I VRI[TermuxActivity]@32a4eea: ViewPostIme pointer 1
11-08 20:51:29.576 16818 16818 I VRI[TermuxActivity]@32a4eea: ViewPostIme pointer 0
11-08 20:51:31.753 16818 16818 I VRI[TermuxActivity]@32a4eea: ViewPostIme pointer 1
11-08 20:51:32.314 16818 16818 I VRI[TermuxActivity]@32a4eea: ViewPostIme key 0
11-08 20:51:32.740 16818 16818 I VRI[TermuxActivity]@32a4eea: ViewPostIme key 0
11-08 20:51:32.740 16818 16818 I VRI[TermuxActivity]@32a4eea: ViewPostIme key 1
11-08 20:51:34.169 16818 16818 I ImeTracker: system_server:ee713816: onCancelled at PHASE_CLIENT_ON_CONTROLS_CHANGED
11-08 20:51:34.174 16818 16818 I ImeFocusController: onPreWindowFocus: skipped hasWindowFocus=false mHasImeFocus=true
11-08 20:51:34.174 16818 16818 I ImeFocusController: onPostWindowFocus: skipped hasWindowFocus=false mHasImeFocus=true
11-08 20:51:34.754 16818 16818 I VRI[TermuxActivity]@32a4eea: call setFrameRateCategory for touch hint category=no preference, reason=boost timeout, vri=VRI[TermuxActivity]@32a4eea
11-08 20:51:35.065 16818 16818 I VRI[TermuxActivity]@32a4eea: handleAppVisibility mAppVisible = true visible = false
11-08 20:51:35.065 16818 16818 D VRI[TermuxActivity]@32a4eea: visibilityChanged oldVisibility=true newVisibility=false
11-08 20:51:35.084 16818 16850 D HWUI    : CacheManager::trimMemory(20)
11-08 20:51:35.091 16818 16818 I ImeTracker: system_server:13606851: onCancelled at PHASE_CLIENT_ON_CONTROLS_CHANGED
11-08 20:51:35.105 16818 16818 I VRI[TermuxActivity]@32a4eea: Relayout returned: old=(0,0,1440,3120) new=(0,0,1440,3120) relayoutAsync=false req=(1440,3120)8 dur=17 res=0x2 s={false 0x0} ch=true seqId=0
11-08 20:51:35.106 16818 16818 D VRI[TermuxActivity]@32a4eea: Not drawing due to not visible. Reason=!mAppVisible && !mForceDecorViewVisibility
11-08 20:51:35.106 16818 16818 D VRI[TermuxActivity]@32a4eea: Pending transaction will not be applied in sync with a draw due to view not visible
11-08 20:51:35.106 16818 16818 I VRI[TermuxActivity]@32a4eea: mWNT: t=0x7cada25090 mBlastBufferQueue=0xnull fn= 0 HdrRenderState mRenderHdrSdrRatio=1.0 caller= android.view.ViewRootImpl.handleSyncRequestWhenNoAsyncDraw:6733 android.view.ViewRootImpl.performTraversals:5504 android.view.ViewRootImpl.doTraversal:3924 
11-08 20:51:35.106 16818 16818 I VRI[TermuxActivity]@32a4eea: stopped(true) old = false
11-08 20:51:35.106 16818 16818 D VRI[TermuxActivity]@32a4eea: WindowStopped on com.termux/com.termux.app.TermuxActivity set to true
11-08 20:51:35.106 16818 16850 D HWUI    : CacheManager::trimMemory(20)
11-08 20:51:35.109 16818 16818 I AutofillManager: onInvisibleForAutofill(): expiringResponse
11-08 20:51:35.117 16818 16818 W WindowOnBackDispatcher: sendCancelIfRunning: isInProgress=false callback=ImeCallback=ImeOnBackInvokedCallback@163002221 Callback=android.window.IOnBackInvokedCallback$Stub$Proxy@eb86b8e
11-08 20:51:35.118 16818 16818 D InputTransport: Input channel destroyed: 'ClientS', fd=137
11-08 20:51:35.140 16818 16818 D BBA2    : setIsFg isFg = false; delayValue 3999ms
11-08 20:55:29.751 16818 16818 I VRI[TermuxActivity]@32a4eea: onDisplayChanged oldDisplayState=2 newDisplayState=3
11-08 20:55:30.637 16818 16818 I VRI[TermuxActivity]@32a4eea: onDisplayChanged oldDisplayState=3 newDisplayState=4
11-08 20:55:52.369 16818 16818 I VRI[TermuxActivity]@32a4eea: onDisplayChanged oldDisplayState=4 newDisplayState=3
11-08 20:55:52.642 16818 16818 I VRI[TermuxActivity]@32a4eea: onDisplayChanged oldDisplayState=3 newDisplayState=4
11-08 20:55:54.292 16818 16818 I VRI[TermuxActivity]@32a4eea: onDisplayChanged oldDisplayState=4 newDisplayState=2
11-08 20:55:54.301 16818 16818 D Choreographer: CoreRune.SYSPERF_ACTIVE_APP_BBA_ENABLE : stop animation in background states
11-08 20:56:34.473 16818 16818 I VRI[TermuxActivity]@32a4eea: handleAppVisibility mAppVisible = false visible = true
11-08 20:56:34.477 16818 16818 I VRI[TermuxActivity]@32a4eea: stopped(false) old = true
11-08 20:56:34.477 16818 16818 D VRI[TermuxActivity]@32a4eea: WindowStopped on com.termux/com.termux.app.TermuxActivity set to false
11-08 20:56:34.477 16818 16818 D ViewRootImpl: Skipping stats log for color mode
11-08 20:56:34.478 16818 16818 D BBA2    : setIsFg isFg = true
11-08 20:56:34.506 16818 16818 I InsetsController: onStateChanged: host=com.termux/com.termux.app.TermuxActivity, from=android.view.ViewRootImpl.onInsetsStateChanged:3026, state=InsetsState: {mDisplayFrame=Rect(0, 0 - 1440, 3120), mDisplayCutout=DisplayCutout{insets=Rect(0, 112 - 0, 0) waterfall=Insets{left=0, top=0, right=0, bottom=0} boundingRect={Bounds=[Rect(0, 0 - 0, 0), Rect(686, 0 - 754, 112), Rect(0, 0 - 0, 0), Rect(0, 0 - 0, 0)]} cutoutPathParserInfo={CutoutPathParserInfo{displayWidth=1440 displayHeight=3120 physicalDisplayWidth=1440 physicalDisplayHeight=3120 density={3.75} cutoutSpec={M 0,0 H -9.066666666666667 V 29.86666666666667 H 9.066666666666667 V 0 H 0 Z @dp} rotation={0} scale={1.0} physicalPixelDisplaySizeRatio={1.0}}} sideOverrides={}}, mRoundedCorners=RoundedCorners{[RoundedCorner{position=TopLeft, radius=126, center=Point(126, 126)}, RoundedCorner{position=TopRight, radius=126, center=Point(1314, 126)}, RoundedCorner{position=BottomRight, radius=126, center=Point(1314, 2994)}, RoundedCorner{position=BottomLeft, radius=126, center=Point(126, 2994)}]}  mRoundedCornerFrame=Rect(0, 0 - 1440, 3120), mPrivacyIndicatorBounds=PrivacyIndicatorBounds {static bounds=Rect(1286, 0 - 1440, 113) rotation=0}, mDisplayShape=DisplayShape{ spec=-311912193 displayWidth=1440 displayHeight=3120 physicalPixelDisplaySizeRatio=1.0 rotation=0 offsetX=0 offsetY=0 scale=1.0}, mSources= { InsetsSource: {3 mType=ime mFrame=[0,0][0,0] mVisible=false mFlags= mSideHint=NONE mBoundingRects=null}, InsetsSource: {27 mType=displayCutout mFrame=[0,0][1440,112] mVisible=true mFlags= mSideHint=TOP mBoundingRects=null}, InsetsSource: {e640000 mType=statusBars mFrame=[0,0][1440,113] mVisible=true mFlags= mSideHint=TOP mBoundingRects=null}, InsetsSource: {e640005 mType=mandatorySystemGestures mFrame=[0,0][1440,154] mVisible=true mFlags= mSideHint=TOP mBoundingRects=null}, InsetsSource: {e640006 mType=tappableElement mFrame=[0,0][1440,113] mVisible=true mFlags= mSideHint=TOP mBoundingRects=null}, InsetsSource: {69030001 mType=navigationBars mFrame=[0,3067][1440,3120] mVisible=true mFlags=SUPPRESS_SCRIM mSideHint=BOTTOM mBoundingRects=null}, InsetsSource: {69030004 mType=systemGestures mFrame=[0,0][105,3120] mVisible=true mFlags= mSideHint=LEFT mBoundingRects=null}, InsetsSource: {69030005 mType=mandatorySystemGestures mFrame=[0,3008][1440,3120] mVisible=true mFlags= mSideHint=BOTTOM mBoundingRects=null}, InsetsSource: {69030006 mType=tappableElement mFrame=[0,0][0,0] mVisible=true mFlags= mSideHint=NONE mBoundingRects=null}, InsetsSource: {69030024 mType=systemGestures mFrame=[1335,0][1440,3120] mVisible=true mFlags= mSideHint=RIGHT mBoundingRects=null} }
11-08 20:56:34.507 16818 16818 I InsetsSourceConsumer: applyRequestedVisibilityToControl: visible=true, type=navigationBars, host=com.termux/com.termux.app.TermuxActivity
11-08 20:56:34.507 16818 16818 I InsetsSourceConsumer: applyRequestedVisibilityToControl: visible=true, type=statusBars, host=com.termux/com.termux.app.TermuxActivity
11-08 20:56:34.509 16818 16818 I BLASTBufferQueue_Java: new BLASTBufferQueue, mName= VRI[TermuxActivity]@32a4eea mNativeObject= 0x7c4d9ed570 caller= android.view.ViewRootImpl.updateBlastSurfaceIfNeeded:3585 android.view.ViewRootImpl.relayoutWindow:11685 android.view.ViewRootImpl.performTraversals:4804 android.view.ViewRootImpl.doTraversal:3924 android.view.ViewRootImpl$TraversalRunnable.run:12903 android.view.Choreographer$CallbackRecord.run:1901 android.view.Choreographer$CallbackRecord.run:1910 android.view.Choreographer.doCallbacks:1367 android.view.Choreographer.doFrame:1292 android.view.Choreographer$FrameDisplayEventReceiver.run:1870 
11-08 20:56:34.509 16818 16818 I BLASTBufferQueue_Java: update, w= 1440 h= 3120 mName = VRI[TermuxActivity]@32a4eea mNativeObject= 0x7c4d9ed570 sc.mNativeObject= 0x7bdd9a2d10 format= -1 caller= android.view.ViewRootImpl.updateBlastSurfaceIfNeeded:3590 android.view.ViewRootImpl.relayoutWindow:11685 android.view.ViewRootImpl.performTraversals:4804 android.view.ViewRootImpl.doTraversal:3924 android.view.ViewRootImpl$TraversalRunnable.run:12903 android.view.Choreographer$CallbackRecord.run:1901 
11-08 20:56:34.509 16818 16818 I VRI[TermuxActivity]@32a4eea: Relayout returned: old=(0,0,1440,3120) new=(0,0,1440,3120) relayoutAsync=false req=(1440,3120)0 dur=8 res=0x3 s={true 0x7bfd9d3fd0} ch=true seqId=0
11-08 20:56:34.511 16818 16818 D VRI[TermuxActivity]@32a4eea: mThreadedRenderer.initialize() mSurface={isValid=true 0x7bfd9d3fd0} hwInitialized=true
11-08 20:56:34.518 16818 16818 D AbsListView:  in onLayout changed 
11-08 20:56:34.520 16818 16818 D VRI[TermuxActivity]@32a4eea: reportNextDraw android.view.ViewRootImpl.performTraversals:5443 android.view.ViewRootImpl.doTraversal:3924 android.view.ViewRootImpl$TraversalRunnable.run:12903 android.view.Choreographer$CallbackRecord.run:1901 android.view.Choreographer$CallbackRecord.run:1910 
11-08 20:56:34.520 16818 16818 D VRI[TermuxActivity]@32a4eea: Setup new sync=wmsSync-VRI[TermuxActivity]@32a4eea#46
11-08 20:56:34.520 16818 16818 I VRI[TermuxActivity]@32a4eea: Creating new active sync group VRI[TermuxActivity]@32a4eea#47
